
> frontend@0.0.0 test:e2e
> playwright test


Running 7 tests using 1 worker

  ✓  1 [chromium] › e2e/current-release.e2e.ts:12:3 › C2 current-release seven-domain browser closure › Code Review: structured result and visible stable failure (1.7s)
  ✓  2 [chromium] › e2e/current-release.e2e.ts:24:3 › C2 current-release seven-domain browser closure › Unit Test: generated JUnit5 code without execution claim (1.2s)
  ✓  3 [chromium] › e2e/current-release.e2e.ts:35:3 › C2 current-release seven-domain browser closure › AIReadMe: allowlisted snapshot metadata is visible (5.2s)
  ✓  4 [chromium] › e2e/current-release.e2e.ts:48:3 › C2 current-release seven-domain browser closure › Chat: typed stream persists and reloads by real cid (1.5s)
  ✓  5 [chromium] › e2e/current-release.e2e.ts:67:3 › C2 current-release seven-domain browser closure › Knowledge: text/file upload, hybrid search, and delete (2.0s)
  ✓  6 [chromium] › e2e/current-release.e2e.ts:96:3 › C2 current-release seven-domain browser closure › Memory: REFERENCE save, semantic recall, and delete (1.1s)
  ✓  7 [chromium] › e2e/current-release.e2e.ts:115:3 › C2 current-release seven-domain browser closure › Prompt: create v2, preview, and rollback to v1 (1.1s)

  7 passed (14.9s)
[safe-runner] stack_id=b45bbd42dbf3c5f7 pg=127.0.0.1:63050 redis=127.0.0.1:63051
[safe-runner] test_db=codeaware_test_b45bbd42dbf3c5f7 mig_db=codeaware_migtest_b45bbd42dbf3c5f7 redis_db=1 guard_db=15
[safe-runner] exact cleanup complete project=codeaware-test-b45bbd42dbf3c5f7
 Network codeaware-test-b45bbd42dbf3c5f7_default Creating 
 Network codeaware-test-b45bbd42dbf3c5f7_default Created 
 Volume codeaware-test-b45bbd42dbf3c5f7_pgdata Creating 
 Volume codeaware-test-b45bbd42dbf3c5f7_pgdata Created 
 Volume codeaware-test-b45bbd42dbf3c5f7_redisdata Creating 
 Volume codeaware-test-b45bbd42dbf3c5f7_redisdata Created 
 Container codeaware-test-b45bbd42dbf3c5f7-redis-1 Creating 
 Container codeaware-test-b45bbd42dbf3c5f7-pg-1 Creating 
 Container codeaware-test-b45bbd42dbf3c5f7-pg-1 Created 
 Container codeaware-test-b45bbd42dbf3c5f7-redis-1 Created 
 Container codeaware-test-b45bbd42dbf3c5f7-pg-1 Starting 
 Container codeaware-test-b45bbd42dbf3c5f7-redis-1 Starting 
 Container codeaware-test-b45bbd42dbf3c5f7-redis-1 Started 
 Container codeaware-test-b45bbd42dbf3c5f7-pg-1 Started 
INFO  [alembic.runtime.migration] Context impl PostgresqlImpl.
INFO  [alembic.runtime.migration] Will assume transactional DDL.
INFO  [alembic.runtime.migration] Running upgrade  -> 0001, initial schema - 8 tables
INFO  [alembic.runtime.migration] Running upgrade 0001 -> 0002, seed CHAT / UNIT_TEST / AI_README prompt templates
INFO  [alembic.runtime.migration] Running upgrade 0002 -> 0003, add summary message watermark
INFO  [alembic.runtime.migration] Running upgrade 0003 -> 0004, add AIReadMe snapshot metadata and per-project versions
INFO  [alembic.runtime.migration] Running upgrade 0004 -> 0005, add C2 prompt version and memory type constraints
(node:95609) Warning: The 'NO_COLOR' env is ignored due to the 'FORCE_COLOR' env being set.
(Use `node --trace-warnings ...` to show where the warning was created)
