[C3 HANDOFF] release=0.1.0 commit=8504518dc0f042da80578b751e901b2870e51004
✓ stage C1 (current-release) manifest 校验通过
✓ stage C2 (current-release) manifest 校验通过
OpenAPI snapshot matches current app
[release-hygiene] PASS tracked_files=368 text_files=367 secrets=0 host_path_leaks=0
...[C3 METRICS] {"chat": {"first_token_ms": {"p50": 0.048, "p95": 0.074}, "full_response_ms": {"p50": 0.397, "p95": 0.611}, "samples": 20, "sse_fidelity": 1.0}, "retrieval": {"cases": 30, "categories": {"chinese_compound": 10, "rare_identifier": 10, "semantic_paraphrase": 10}, "pg_trgm": {"mrr@10": 0.3333, "ndcg@10": 0.3333, "recall@5": 0.3333}, "rrf": {"mrr@10": 0.7494, "ndcg@10": 0.8096, "recall@5": 1.0}, "vector": {"mrr@10": 1.0, "ndcg@10": 1.0, "recall@5": 1.0}}, "sample_type": "deterministic_fake_not_load_test"}
.
4 passed in 0.47s
[safe-runner] stack_id=c148c884dcd168d8 pg=127.0.0.1:58037 redis=127.0.0.1:58038
[safe-runner] test_db=codeaware_test_c148c884dcd168d8 mig_db=codeaware_migtest_c148c884dcd168d8 redis_db=1 guard_db=15
[safe-runner] exact cleanup complete project=codeaware-test-c148c884dcd168d8
[C2 MOCKED] route-level seven-domain closure
C2-B demo: {'review_id': 1, 'critical_count': 1, 'unit_test_id': 2, 'framework': 'JUnit5', 'review_records': 1}
.C2-C demo: {'created_version': 2, 'preview_resolved': True, 'rollback_version': 1, 'history_preserved': True}
.C2-D demo: {'document_id': 1, 'knowledge_match_types': ['vector'], 'memory_id': 1, 'memory_recalled': True}
.C2-E demo: {'conversation_id': '97be2e4bdf224da6816696dafdd273ff', 'chat_reply_preserved': True, 'snapshot_version': 1, 'snapshot_files': 3, 'absolute_path_hidden': True}
.
4 passed in 0.69s
[safe-runner] stack_id=a7d96fbf4599d32b pg=127.0.0.1:58085 redis=127.0.0.1:58086
[safe-runner] test_db=codeaware_test_a7d96fbf4599d32b mig_db=codeaware_migtest_a7d96fbf4599d32b redis_db=1 guard_db=15
[safe-runner] exact cleanup complete project=codeaware-test-a7d96fbf4599d32b
[PASS] Code Review: result + record + filter/detail
[PASS] Unit Test: result + record + filter/detail
[PASS] AIReadMe: snapshot + version + latest
[PASS] Chat: typed SSE + cid + summary/continuation regression
[PASS] Knowledge: text/file + hybrid search + cascade delete
[PASS] Memory: manual/automatic + recall + delete
[PASS] Prompt: create v2 + preview + rollback
[C2 MOCKED] PASS repository_status_unchanged=true development_resources_unchanged=true
[C3 HANDOFF] PASS fresh command=./codeaware-py/scripts/verify_current_release.sh
[C3 HANDOFF] PASS rollback command=./codeaware-py/scripts/verify_c3_rollback.sh
[C3 HANDOFF] PASS C2 committed live-smoke evidence hash revalidated
[C3 HANDOFF] LIMIT local-first single-worker no-auth no-agent current-lexical=pg_trgm
[C3 HANDOFF] PASS repository_status_unchanged=true development_resources_unchanged=true
 Network codeaware-test-c148c884dcd168d8_default Creating
 Network codeaware-test-c148c884dcd168d8_default Created
 Volume codeaware-test-c148c884dcd168d8_pgdata Creating
 Volume codeaware-test-c148c884dcd168d8_pgdata Created
 Volume codeaware-test-c148c884dcd168d8_redisdata Creating
 Volume codeaware-test-c148c884dcd168d8_redisdata Created
 Container codeaware-test-c148c884dcd168d8-redis-1 Creating
 Container codeaware-test-c148c884dcd168d8-pg-1 Creating
 Container codeaware-test-c148c884dcd168d8-pg-1 Created
 Container codeaware-test-c148c884dcd168d8-redis-1 Created
 Container codeaware-test-c148c884dcd168d8-pg-1 Starting
 Container codeaware-test-c148c884dcd168d8-redis-1 Starting
 Container codeaware-test-c148c884dcd168d8-pg-1 Started
 Container codeaware-test-c148c884dcd168d8-redis-1 Started
 Network codeaware-test-a7d96fbf4599d32b_default Creating
 Network codeaware-test-a7d96fbf4599d32b_default Created
 Volume codeaware-test-a7d96fbf4599d32b_pgdata Creating
 Volume codeaware-test-a7d96fbf4599d32b_pgdata Created
 Volume codeaware-test-a7d96fbf4599d32b_redisdata Creating
 Volume codeaware-test-a7d96fbf4599d32b_redisdata Created
 Container codeaware-test-a7d96fbf4599d32b-redis-1 Creating
 Container codeaware-test-a7d96fbf4599d32b-pg-1 Creating
 Container codeaware-test-a7d96fbf4599d32b-pg-1 Created
 Container codeaware-test-a7d96fbf4599d32b-redis-1 Created
 Container codeaware-test-a7d96fbf4599d32b-redis-1 Starting
 Container codeaware-test-a7d96fbf4599d32b-pg-1 Starting
 Container codeaware-test-a7d96fbf4599d32b-pg-1 Started
 Container codeaware-test-a7d96fbf4599d32b-redis-1 Started
