........................................................................ [ 34%]
........................................................................ [ 68%]
.................................................................        [100%]
209 passed, 1 deselected in 4.87s
[safe-runner] stack_id=4c7daa02bfdd26f9 pg=127.0.0.1:51001 redis=127.0.0.1:51002
[safe-runner] test_db=codeaware_test_4c7daa02bfdd26f9 mig_db=codeaware_migtest_4c7daa02bfdd26f9 redis_db=1 guard_db=15
[safe-runner] exact cleanup complete project=codeaware-test-4c7daa02bfdd26f9
 Network codeaware-test-4c7daa02bfdd26f9_default Creating 
 Network codeaware-test-4c7daa02bfdd26f9_default Created 
 Volume codeaware-test-4c7daa02bfdd26f9_redisdata Creating 
 Volume codeaware-test-4c7daa02bfdd26f9_redisdata Created 
 Volume codeaware-test-4c7daa02bfdd26f9_pgdata Creating 
 Volume codeaware-test-4c7daa02bfdd26f9_pgdata Created 
 Container codeaware-test-4c7daa02bfdd26f9-pg-1 Creating 
 Container codeaware-test-4c7daa02bfdd26f9-redis-1 Creating 
 Container codeaware-test-4c7daa02bfdd26f9-pg-1 Created 
 Container codeaware-test-4c7daa02bfdd26f9-redis-1 Created 
 Container codeaware-test-4c7daa02bfdd26f9-pg-1 Starting 
 Container codeaware-test-4c7daa02bfdd26f9-redis-1 Starting 
 Container codeaware-test-4c7daa02bfdd26f9-pg-1 Started 
 Container codeaware-test-4c7daa02bfdd26f9-redis-1 Started 
