[C3 ROLLBACK] freeze_commit=3f95543c1fb31e630e233332c1bfed850e855c21 rollback_commit=c54459885e2461e3453eed249846adf76ac296b2
[C3 ROLLBACK] verify 0005 migration chain and logical backup/restore in disposable databases
.[C3 BACKUP] PASS format=plain-data-only rows=1 disposable_database=true credentials_logged=false
.
2 passed in 1.05s
[safe-runner] stack_id=0ad7c1e4796696b4 pg=127.0.0.1:60653 redis=127.0.0.1:60654
[safe-runner] test_db=codeaware_test_0ad7c1e4796696b4 mig_db=codeaware_migtest_0ad7c1e4796696b4 redis_db=1 guard_db=15
[safe-runner] exact cleanup complete project=codeaware-test-0ad7c1e4796696b4
[C3 ROLLBACK] create detached C2 release worktree
HEAD is now at c544598 docs(C2): mark feature closure complete
[C3 ROLLBACK] verify C2 evidence and seven-domain mocked baseline
✓ stage C2 (current-release) manifest 校验通过
[C2 MOCKED] route-level seven-domain closure
C2-B demo: {'review_id': 1, 'critical_count': 1, 'unit_test_id': 2, 'framework': 'JUnit5', 'review_records': 1}
.C2-C demo: {'created_version': 2, 'preview_resolved': True, 'rollback_version': 1, 'history_preserved': True}
.C2-D demo: {'document_id': 1, 'knowledge_match_types': ['vector'], 'memory_id': 1, 'memory_recalled': True}
.C2-E demo: {'conversation_id': 'f5b7f3a6d5ec4aae8f4d237c1b4d23db', 'chat_reply_preserved': True, 'snapshot_version': 1, 'snapshot_files': 3, 'absolute_path_hidden': True}
.
4 passed in 3.17s
[safe-runner] stack_id=b83d4792b5701615 pg=127.0.0.1:60756 redis=127.0.0.1:60757
[safe-runner] test_db=codeaware_test_b83d4792b5701615 mig_db=codeaware_migtest_b83d4792b5701615 redis_db=1 guard_db=15
[safe-runner] exact cleanup complete project=codeaware-test-b83d4792b5701615
[PASS] Code Review: result + record + filter/detail
[PASS] Unit Test: result + record + filter/detail
[PASS] AIReadMe: snapshot + version + latest
[PASS] Chat: typed SSE + cid + summary/continuation regression
[PASS] Knowledge: text/file + hybrid search + cascade delete
[PASS] Memory: manual/automatic + recall + delete
[PASS] Prompt: create v2 + preview + rollback
[C2 MOCKED] PASS repository_status_unchanged=true development_resources_unchanged=true
[C3 ROLLBACK] PASS worktree_removed=true stacks_removed=true backup_restore=true main_unchanged=true
 Network codeaware-test-0ad7c1e4796696b4_default Creating
 Network codeaware-test-0ad7c1e4796696b4_default Created
 Volume codeaware-test-0ad7c1e4796696b4_redisdata Creating
 Volume codeaware-test-0ad7c1e4796696b4_redisdata Created
 Volume codeaware-test-0ad7c1e4796696b4_pgdata Creating
 Volume codeaware-test-0ad7c1e4796696b4_pgdata Created
 Container codeaware-test-0ad7c1e4796696b4-redis-1 Creating
 Container codeaware-test-0ad7c1e4796696b4-pg-1 Creating
 Container codeaware-test-0ad7c1e4796696b4-pg-1 Created
 Container codeaware-test-0ad7c1e4796696b4-redis-1 Created
 Container codeaware-test-0ad7c1e4796696b4-redis-1 Starting
 Container codeaware-test-0ad7c1e4796696b4-pg-1 Starting
 Container codeaware-test-0ad7c1e4796696b4-pg-1 Started
 Container codeaware-test-0ad7c1e4796696b4-redis-1 Started
INFO  [alembic.runtime.migration] Context impl PostgresqlImpl.
INFO  [alembic.runtime.migration] Will assume transactional DDL.
INFO  [alembic.runtime.migration] Context impl PostgresqlImpl.
INFO  [alembic.runtime.migration] Will assume transactional DDL.
INFO  [alembic.runtime.migration] Running upgrade  -> 0001, initial schema - 8 tables
INFO  [alembic.runtime.migration] Running upgrade 0001 -> 0002, seed CHAT / UNIT_TEST / AI_README prompt templates
INFO  [alembic.runtime.migration] Context impl PostgresqlImpl.
INFO  [alembic.runtime.migration] Will assume transactional DDL.
INFO  [alembic.runtime.migration] Running upgrade 0002 -> 0003, add summary message watermark
INFO  [alembic.runtime.migration] Context impl PostgresqlImpl.
INFO  [alembic.runtime.migration] Will assume transactional DDL.
INFO  [alembic.runtime.migration] Running upgrade 0003 -> 0004, add AIReadMe snapshot metadata and per-project versions
INFO  [alembic.runtime.migration] Context impl PostgresqlImpl.
INFO  [alembic.runtime.migration] Will assume transactional DDL.
INFO  [alembic.runtime.migration] Running downgrade 0004 -> 0003, add AIReadMe snapshot metadata and per-project versions
INFO  [alembic.runtime.migration] Context impl PostgresqlImpl.
INFO  [alembic.runtime.migration] Will assume transactional DDL.
INFO  [alembic.runtime.migration] Running upgrade 0003 -> 0004, add AIReadMe snapshot metadata and per-project versions
INFO  [alembic.runtime.migration] Context impl PostgresqlImpl.
INFO  [alembic.runtime.migration] Will assume transactional DDL.
INFO  [alembic.runtime.migration] Running upgrade 0004 -> 0005, add C2 prompt version and memory type constraints
INFO  [alembic.runtime.migration] Context impl PostgresqlImpl.
INFO  [alembic.runtime.migration] Will assume transactional DDL.
INFO  [alembic.runtime.migration] Running downgrade 0005 -> 0004, add C2 prompt version and memory type constraints
INFO  [alembic.runtime.migration] Context impl PostgresqlImpl.
INFO  [alembic.runtime.migration] Will assume transactional DDL.
INFO  [alembic.runtime.migration] Running upgrade 0004 -> 0005, add C2 prompt version and memory type constraints
INFO  [alembic.runtime.migration] Context impl PostgresqlImpl.
INFO  [alembic.runtime.migration] Will assume transactional DDL.
INFO  [alembic.runtime.migration] Running downgrade 0005 -> 0004, add C2 prompt version and memory type constraints
INFO  [alembic.runtime.migration] Running downgrade 0004 -> 0003, add AIReadMe snapshot metadata and per-project versions
INFO  [alembic.runtime.migration] Running downgrade 0003 -> 0002, add summary message watermark
INFO  [alembic.runtime.migration] Context impl PostgresqlImpl.
INFO  [alembic.runtime.migration] Will assume transactional DDL.
INFO  [alembic.runtime.migration] Running upgrade 0002 -> 0003, add summary message watermark
INFO  [alembic.runtime.migration] Running upgrade 0003 -> 0004, add AIReadMe snapshot metadata and per-project versions
INFO  [alembic.runtime.migration] Running upgrade 0004 -> 0005, add C2 prompt version and memory type constraints
INFO  [alembic.runtime.migration] Context impl PostgresqlImpl.
INFO  [alembic.runtime.migration] Will assume transactional DDL.
INFO  [alembic.runtime.migration] Running downgrade 0005 -> 0004, add C2 prompt version and memory type constraints
INFO  [alembic.runtime.migration] Running downgrade 0004 -> 0003, add AIReadMe snapshot metadata and per-project versions
INFO  [alembic.runtime.migration] Running downgrade 0003 -> 0002, add summary message watermark
INFO  [alembic.runtime.migration] Running downgrade 0002 -> 0001, seed CHAT / UNIT_TEST / AI_README prompt templates
INFO  [alembic.runtime.migration] Running downgrade 0001 -> , initial schema - 8 tables
INFO  [alembic.runtime.migration] Context impl PostgresqlImpl.
INFO  [alembic.runtime.migration] Will assume transactional DDL.
INFO  [alembic.runtime.migration] Running upgrade  -> 0001, initial schema - 8 tables
INFO  [alembic.runtime.migration] Running upgrade 0001 -> 0002, seed CHAT / UNIT_TEST / AI_README prompt templates
INFO  [alembic.runtime.migration] Running upgrade 0002 -> 0003, add summary message watermark
INFO  [alembic.runtime.migration] Running upgrade 0003 -> 0004, add AIReadMe snapshot metadata and per-project versions
INFO  [alembic.runtime.migration] Running upgrade 0004 -> 0005, add C2 prompt version and memory type constraints
Preparing worktree (detached HEAD c544598)
warning: `VIRTUAL_ENV=<repo_root>/codeaware-py/.venv` does not match the project environment path `.venv` and will be ignored; use `--active` to target the active environment instead
Using CPython 3.12.13
Creating virtual environment at: .venv
   Building codeaware @ file://<temp_path>
      Built codeaware @ file://<temp_path>
Installed 117 packages in 399ms
warning: `VIRTUAL_ENV=<repo_root>/codeaware-py/.venv` does not match the project environment path `.venv` and will be ignored; use `--active` to target the active environment instead
 Network codeaware-test-b83d4792b5701615_default Creating
 Network codeaware-test-b83d4792b5701615_default Created
 Volume codeaware-test-b83d4792b5701615_pgdata Creating
 Volume codeaware-test-b83d4792b5701615_pgdata Created
 Volume codeaware-test-b83d4792b5701615_redisdata Creating
 Volume codeaware-test-b83d4792b5701615_redisdata Created
 Container codeaware-test-b83d4792b5701615-pg-1 Creating
 Container codeaware-test-b83d4792b5701615-redis-1 Creating
 Container codeaware-test-b83d4792b5701615-pg-1 Created
 Container codeaware-test-b83d4792b5701615-redis-1 Created
 Container codeaware-test-b83d4792b5701615-pg-1 Starting
 Container codeaware-test-b83d4792b5701615-redis-1 Starting
 Container codeaware-test-b83d4792b5701615-redis-1 Started
 Container codeaware-test-b83d4792b5701615-pg-1 Started
